// Vitest Snapshot v1, https://vitest.dev/guide/snapshot.html

exports[`renders without crashing 1`] = `"<div><div class="container"><div class="justify-content-center row"><div class="col-lg-8 col-md-10"><h1>Awards</h1></div></div><div><hr><div class="justify-content-center row"><div class="col-lg-8 col-md-10"><div class="post-preview"><h2 class="post-title"></h2><h4 class="post-subtitle"></h4><p class="post-meta"></p><p class="post-meta">Past Winners:</p><table class="table table-striped table-responsive"><thead><tr><th>Year</th><th>Players</th></tr></thead><tbody><tr><td></td><td></td></tr></tbody></table></div></div></div></div></div></div>"`;
