// Vitest Snapshot v1, https://vitest.dev/guide/snapshot.html

exports[`renders without crashing 1`] = `"<div><div class="container"><div class="justify-content-center row"><div class="col-lg-8 col-md-10"><h1>Locations</h1></div></div><div><hr><div class="justify-content-center row"><div class="col-lg-8 col-md-10"><div class="post-preview"><h2 class="post-title"></h2><h3 class="post-subtitle"></h3><p class="post-meta"></p><p class="post-meta"><u>Photo Gallery</u></p><div class="carousel-root"><div class="carousel carousel-slider" style="width: 100%;"><ul class="control-dots"><li class="dot selected" value="0" role="button" tabindex="0" aria-label="slide item 1"></li></ul><button type="button" aria-label="previous slide / item" class="control-arrow control-prev control-disabled"></button><div class="slider-wrapper axis-horizontal"><ul class="slider animated" style="transform: translate3d(0,0,0); transition-duration: 350ms;"><li class="slide selected previous"><div><img alt=""><p class="legend"></p></div></li></ul></div><button type="button" aria-label="next slide / item" class="control-arrow control-next control-disabled"></button><p class="carousel-status">1 of 1</p></div><div class="carousel"><div class="thumbs-wrapper axis-vertical"><button type="button" class="control-arrow control-prev control-disabled" aria-label="previous slide / item"></button><ul class="thumbs animated" style="transform: translate3d(0,0,0); transition-duration: 350ms;"><li class="thumb selected" aria-label="slide item 1" style="width: 80px;" role="button" tabindex="0"><img alt=""></li></ul><button type="button" class="control-arrow control-next" aria-label="next slide / item"></button></div></div></div></div></div></div></div></div></div>"`;
